SQLCli Release 0.0.58
SQL> start drop_case.sql
SQL> --Description:drop
   > --Date：2020-06-05
   > --Author：耿晨雨
SQL> connect admin/123456
Database connected.
SQL> 
SQL> 
SQL> -- 删除 P1000_CY 表
SQL> DROP TABLE P1000_CY;
0 rows affected
SQL> 
SQL> -- 删除 P1000_CY_COUNT 表
SQL> DROP TABLE P1000_CY_COUNT;
0 rows affected
SQL> 
SQL> -- 删除 P1000_CY_UPDATE 表
SQL> DROP TABLE P1000_CY_UPDATE;
0 rows affected
SQL> 
SQL> -- 删除 P1000_CY_DELETE 表
SQL> DROP TABLE P1000_CY_DELETE;
0 rows affected
SQL> 
SQL> -- 删除 P1000_CY_UNIQUE 表
SQL> DROP TABLE P1000_CY_UNIQUE;
0 rows affected
SQL> 
SQL> -- 删除 P1000_CY_PK 表
SQL> DROP TABLE P1000_CY_PK;
0 rows affected
SQL> 
SQL> -- 删除 H1000_CY 表
SQL> DROP TABLE H1000_CY;
0 rows affected
SQL> exit
Disconnected.
