SQLCli Release 0.0.64
SQL> connect admin/123456
Database connected.
SQL> start F021-02 TABLES view.sql
SQL> drop table t_tab IF  EXISTS;
0 rows affected
SQL> create table IF NOT EXISTS t_tab(col1 int,col2 varchar(50),col3 date,col4 double);
0 rows affected
SQL> insert into t_tab values (1,'zhangsan','2020-01-01',1.2);
1 row affected
SQL> select * from t_tab;
+------+----------+----------+------+
| COL1 | COL2     | COL3     | COL4 |
+------+----------+----------+------+
| 1    | zhangsan | 2020-1-1 | 1.2  |
+------+----------+----------+------+
1 row selected.
SQL> exit
Disconnected.
