SQLCli Release 0.0.68
SQL> connect admin/123456
Database connected.
SQL> start E061-08 EXISTS predicate.sql
SQL> -- 清空环境
SQL> drop table t_EXISTS  IF  EXISTS;
0 rows affected
SQL> 
SQL> -- 创建表
SQL> CREATE TABLE IF NOT EXISTS t_EXISTS (EMPNO INT,
   > ENAME VARCHAR(20),
   > JOB VARCHAR(20),
   > MGR INT,
   > HIREDATE DATE,
   > SAL INT,
   > COMM INT,
   > DEPTNO INT);
0 rows affected
SQL> select * from t_EXISTS order by empno;
0 rows selected.
SQL> exit
Disconnected.
