SQLCli Release 0.0.68
SQL> loaddriver C:\Users\耿晨雨\Desktop\linkoopdb-jdbc-2.2.3.jar
Driver loaded.
SQL> connect admin/123456
Database connected.
SQL> start LDBX107-03 Query with both system tables and user tables.sql
SQL> -- 清空环境
SQL> drop table t_system_user  IF  EXISTS;
0 rows affected
SQL> 
SQL> -- 创建表
SQL> CREATE TABLE IF NOT EXISTS t_system_user (
   > TABNO INT,
   > TABNAME VARCHAR(20)
   > );
0 rows affected
SQL> 
SQL> 
SQL> -- 插入数据
SQL> INSERT INTO t_system_user VALUES (7369,'T_SYSTEM_USER');
1 row affected
SQL> INSERT INTO t_system_user VALUES (7499,'T_SYSTEM_USER1');
1 row affected
SQL> INSERT INTO t_system_user VALUES (7521,'WARD');
1 row affected
SQL> select * from INFORMATION_SCHEMA.system_tables WHERE TABLE_NAME = (select TABNAME from t_system_user where TABNAME='T_SYSTEM_USER');
+-----------+-------------+---------------+------------+---------+----------+------------+-----------+---------------------------+----------------+----------------+-----------+---------------+---------------------------------------------------------------------------------------------+----------------+--------------------------------------+----------------+
| TABLE_CAT | TABLE_SCHEM | TABLE_NAME    | TABLE_TYPE | REMARKS | TYPE_CAT | TYPE_SCHEM | TYPE_NAME | SELF_REFERENCING_COL_NAME | REF_GENERATION | LINKOOPDB_TYPE | READ_ONLY | COMMIT_ACTION | PERIPHERAL_INFO                                                                             | STORAGE_ENGINE | TABLE_UUID                           | STRUCTURE_TYPE |
+-----------+-------------+---------------+------------+---------+----------+------------+-----------+---------------------------+----------------+----------------+-----------+---------------+---------------------------------------------------------------------------------------------+----------------+--------------------------------------+----------------+
| PUBLIC    | PUBLIC      | T_SYSTEM_USER | TABLE      | <null>  | <null>   | <null>     | <null>    | <null>                    | <null>         | BASE           | False     | <null>        | {"format":"parquet","parameters":{},"partitionColumns":[],"bucketColumns":[],"bucketNum":0} | 0              | 5e01a5e5-69ed-46b1-b149-6a3ad66b8da8 | 0              |
+-----------+-------------+---------------+------------+---------+----------+------------+-----------+---------------------------+----------------+----------------+-----------+---------------+---------------------------------------------------------------------------------------------+----------------+--------------------------------------+----------------+
1 row selected.
SQL> exit
Disconnected.
